------------------------------------------------------------
Timing Analyzer Summary
------------------------------------------------------------

Type  : Slow 1200mV 85C Model Setup 'CLK'
Slack : -3.863
TNS   : -47.986

Type  : Slow 1200mV 85C Model Setup 'divider:inst1|cuenta[25]'
Slack : 0.298
TNS   : 0.000

Type  : Slow 1200mV 85C Model Hold 'divider:inst1|cuenta[25]'
Slack : 0.393
TNS   : 0.000

Type  : Slow 1200mV 85C Model Hold 'CLK'
Slack : 0.638
TNS   : 0.000

Type  : Slow 1200mV 85C Model Minimum Pulse Width 'CLK'
Slack : -3.000
TNS   : -42.284

Type  : Slow 1200mV 85C Model Minimum Pulse Width 'divider:inst1|cuenta[25]'
Slack : -1.403
TNS   : -5.612

Type  : Slow 1200mV 0C Model Setup 'CLK'
Slack : -3.529
TNS   : -40.807

Type  : Slow 1200mV 0C Model Setup 'divider:inst1|cuenta[25]'
Slack : 0.362
TNS   : 0.000

Type  : Slow 1200mV 0C Model Hold 'divider:inst1|cuenta[25]'
Slack : 0.355
TNS   : 0.000

Type  : Slow 1200mV 0C Model Hold 'CLK'
Slack : 0.588
TNS   : 0.000

Type  : Slow 1200mV 0C Model Minimum Pulse Width 'CLK'
Slack : -3.000
TNS   : -42.284

Type  : Slow 1200mV 0C Model Minimum Pulse Width 'divider:inst1|cuenta[25]'
Slack : -1.403
TNS   : -5.612

Type  : Fast 1200mV 0C Model Setup 'CLK'
Slack : -1.164
TNS   : -5.638

Type  : Fast 1200mV 0C Model Setup 'divider:inst1|cuenta[25]'
Slack : 0.694
TNS   : 0.000

Type  : Fast 1200mV 0C Model Hold 'divider:inst1|cuenta[25]'
Slack : 0.170
TNS   : 0.000

Type  : Fast 1200mV 0C Model Hold 'CLK'
Slack : 0.247
TNS   : 0.000

Type  : Fast 1200mV 0C Model Minimum Pulse Width 'CLK'
Slack : -3.000
TNS   : -31.938

Type  : Fast 1200mV 0C Model Minimum Pulse Width 'divider:inst1|cuenta[25]'
Slack : -1.000
TNS   : -4.000

------------------------------------------------------------
