Info: Start Nativelink Simulation process

========= EDA Simulation Settings =====================

Sim Mode              :  Gate
Family                :  max10
Quartus root          :  d:/programas/intelfpga_lite/18.1/quartus/bin64/
Quartus sim root      :  d:/programas/intelfpga_lite/18.1/quartus/eda/sim_lib
Simulation Tool       :  modelsim-altera
Simulation Language   :  vhdl
Version               :  93
Simulation Mode       :  GUI
Sim Output File       :  practica6.vho
Sim SDF file          :  practica6__vhdl.sdo
Sim dir               :  simulation\modelsim

=======================================================

Info: Starting NativeLink simulation with ModelSim-Altera software
Sourced NativeLink script d:/programas/intelfpga_lite/18.1/quartus/common/tcl/internal/nativelink/modelsim.tcl
Warning: File practica6_run_msim_gate_vhdl.do already exists - backing up current file as practica6_run_msim_gate_vhdl.do.bak5
Info: Spawning ModelSim-Altera Simulation software 
Info: NativeLink simulation flow was successful
